GAS LISTING test.s 			page 1


   1              	#
   2              	# Exception Bringup Test
   3              	# test.s
   4              	#
   5              	
   6              	   # csr addresses
   7              	   MHARDID  = 0xF14
   8              	
   9              	   MSTATUS  = 0x300
  10              	   MISA     = 0x301
  11              	   MIE      = 0x304
  12              	   MTVEC    = 0x305
  13              	
  14              	   MSCRATCH = 0x340
  15              	   MEPC     = 0x341
  16              	   MCAUSE   = 0x342
  17              	   MVTAL    = 0x343
  18              	   MIP      = 0x344
  19              	
  20              	   # mmap csr addresses
  21              	   clint_base = 0x2000000
  22              	   msi_reg    = clint_base + 0x0
  23              	   mtime      = clint_base + 0xbff8
  24              	   mtimecmp   = clint_base + 0x4000
  25              	
  26              	   .option norelax
  27              	   # only 32b instructions
  28              	   .option norvc
  29              	
  30              	   .section .boot,"aw",@progbits
  31              	   .global _start
  32              	_start:
  33 0000 6F000000 	   j start
  34              	
  35              	   # Trap Vector Table
  36              	#trap_table:
  37              	#   j trap_handler
  38              	
  39              	trap_handler:
  40              	   # save x24, x25 (x24 in mscratch, x25 in reg_save)
  41 0004 73100C34 	   csrrw x0, MSCRATCH, x24  # mscratch = x24
  42 0008 170C0000 	   la x24, reg_save
  42      130C0C00 
  43 0010 23309C01 	   sd x25, (0)(x24)
  44              	
  45              	   # clear msi at the source
  46 0014 370C0002 	   li x24, msi_reg
  47 0018 23300C00 	   sd x0, (0)(x24)
  48              	
  49              	   # write mcause to mcause_val in mem
  50 001c F32C2034 	   csrrs x25, MCAUSE, x0    # x25 = mcause
  51 0020 170C0000 	   la x24, mcause_val
  51      130C0C00 
  52 0028 23309C01 	   sd x25, (0)(x24)
  53              	
  54              	   # set event
  55 002c 170C0000 	   la x24, event
GAS LISTING test.s 			page 2


  55      130C0C00 
  56 0034 930C1000 	   li x25, 1
  57 0038 23309C01 	   sd x25, (0)(x24)
  58              	
  59              	   # restore x24, x25
  60 003c 170C0000 	   la x24, reg_save
  60      130C0C00 
  61 0044 833C0C00 	   ld x25, (0)(x24)
  62 0048 732C0034 	   csrrs x24, MSCRATCH, x0  # x24 = mscratch
  63              	
  64              	   # return from trap
  65              	   # Assume all traps are from machine mode (for now)
  66 004c 73002030 	   mret
  67              	
  68              	   .text
  69              	
  70              	start:
  71              	   # Init GPR
  72 0000 93001000 	   addi x1, x0, 1
  73 0004 13012000 	   addi x2, x0, 2
  74 0008 93013000 	   addi x3, x0, 3
  75              	
  76              	   # check mhartid access
  77 000c F32840F1 	   csrrs x17, MHARDID, x0      # x17 = mhartid
  78 0010 631C1009 	   bne x0 , x17, fail
  79              	
  80              	   # check mscratch access
  81 0014 37E8F6FF 	   li x16, 0xFEDCBA9876543210
  81      1B08585D 
  81      1318C800 
  81      1308B8C3 
  81      1318D800 
  82 0034 73100834 	   csrrw x0,  MSCRATCH, x16    # mscratch = x16
  83 0038 F3280034 	   csrrs x17, MSCRATCH, x0     # x17 = mscratch
  84 003c 63161807 	   bne x16, x17, fail
  85              	
  86              	   # setup mtvec
  87 0040 17080000 	   la  x16, trap_handler
  87      13080800 
  88 0048 73105830 	   csrrw x0, MTVEC, x16        # mtvec = x16
  89              	
  90              	   # test MSI
  91              	
  92              	   # clear ints: mstatus.mie, mie.msie
  93 004c 73704430 	   csrrci x0,  MIE,     8     # mie.msie = 0
  94 0050 73700430 	   csrrci x0,  MSTATUS, 8     # mstatus.mie = 0
  95              	
  96              	   # clear event 
  97 0054 170A0000 	   la  x20, event
  97      130A0A00 
  98 005c 23300A00 	   sd  x0, (0)(x20)
  99              	
 100              	   # set msi (clint msi reg)
 101 0060 370A0002 	   li  x20, msi_reg
 102 0064 930A1000 	   li  x21, 1
 103 0068 23305A01 	   sd  x21, (0)(x20)
 104              	
GAS LISTING test.s 			page 3


 105              	   # enable ints: mstatus.mie, mie.msie
 106 006c 73604430 	   csrrsi x0,  MIE,     8     # mie.msie = 1
 107 0070 73600430 	   csrrsi x0,  MSTATUS, 8     # mstatus.mie = 1
 108              	
 109 0074 170A0000 	   la  x20, event
 109      130A0A00 
 110              	wait_ev:
 111 007c 833A0A00 	   ld  x21, (0)(x20)
 112 0080 E38E0AFE 	   beq x21, x0, wait_ev
 113              	
 114              	   # check that it was msi
 115 0084 170A0000 	   la x20, mcause_val
 115      130A0A00 
 116 008c 833A0A00 	   ld x21, (0)(x20)
 117 0090 130B1000 	   li x22, 1
 118 0094 131BFB03 	   slli x22, x22, 63
 119 0098 130B3B00 	   addi x22, x22, 3
 120 009c 63165B01 	   bne x22, x21, fail
 121              	
 122              	
 123 00a0 930F0000 	   li x31, 0
 124 00a4 6F008000 	   j pass
 125              	
 126              	fail:
 127 00a8 930F1000 	   li x31, 1
 128              	
 129              	pass:
 130              	_finish:
 131 00ac 170C0000 	   la  x24, tohost
 131      130C0C00 
 132 00b4 2320FC01 	   sw  x31, (0)(x24)
 133              	
 134              	
 135              	   .data
 136              	   .align 3  # 8-byte
 137              	mcause_val:
 138 0000 00000000 	   .dword 0
 138      00000000 
 139              	reg_save:
 140 0008 00000000 	   .dword 0
 140      00000000 
 141              	event:
 142 0010 00000000 	   .dword 0
 142      00000000 
 143              	
 144              	   .section .tohost,"aw",@progbits
 145              	   .align 3
 146              	   .global tohost
 147              	tohost:
 148 0000 00000000 	   .dword 0
 148      00000000 
 149              	   .global fromhost
 150              	fromhost:
 151 0008 00000000 	   .word 0
GAS LISTING test.s 			page 4


DEFINED SYMBOLS
              test.s:7      *ABS*:0000000000000f14 MHARDID
              test.s:9      *ABS*:0000000000000300 MSTATUS
              test.s:10     *ABS*:0000000000000301 MISA
              test.s:11     *ABS*:0000000000000304 MIE
              test.s:12     *ABS*:0000000000000305 MTVEC
              test.s:14     *ABS*:0000000000000340 MSCRATCH
              test.s:15     *ABS*:0000000000000341 MEPC
              test.s:16     *ABS*:0000000000000342 MCAUSE
              test.s:17     *ABS*:0000000000000343 MVTAL
              test.s:18     *ABS*:0000000000000344 MIP
              test.s:21     *ABS*:0000000002000000 clint_base
              test.s:22     *ABS*:0000000002000000 msi_reg
              test.s:23     *ABS*:000000000200bff8 mtime
              test.s:24     *ABS*:0000000002004000 mtimecmp
              test.s:32     .boot:0000000000000000 _start
              test.s:70     .text:0000000000000000 start
              test.s:39     .boot:0000000000000004 trap_handler
              test.s:139    .data:0000000000000008 reg_save
              test.s:137    .data:0000000000000000 mcause_val
              test.s:141    .data:0000000000000010 event
              test.s:126    .text:00000000000000a8 fail
              test.s:110    .text:000000000000007c wait_ev
              test.s:129    .text:00000000000000ac pass
              test.s:130    .text:00000000000000ac _finish
              test.s:147    .tohost:0000000000000000 tohost
              test.s:150    .tohost:0000000000000008 fromhost
              test.s:87     .text:0000000000000040 .L0 
              test.s:97     .text:0000000000000054 .L0 
              test.s:109    .text:0000000000000074 .L0 
              test.s:115    .text:0000000000000084 .L0 
              test.s:131    .text:00000000000000ac .L0 
              test.s:42     .boot:0000000000000008 .L0 
              test.s:51     .boot:0000000000000020 .L0 
              test.s:55     .boot:000000000000002c .L0 
              test.s:60     .boot:000000000000003c .L0 

NO UNDEFINED SYMBOLS
